14:57:16 **** Incremental Build of configuration Debug for project BootLoader ****
make -j4 all 
arm-none-eabi-size   BootLoader.elf 
   text	   data	    bss	    dec	    hex	filename
  19432	    132	   2636	  22200	   56b8	BootLoader.elf
Finished building: default.size.stdout
 
14:57:20 **** Incremental Build of configuration Debug for project BootLoader ****
make -j4 all 
arm-none-eabi-size   BootLoader.elf 
   text	   data	    bss	    dec	    hex	filename
  19432	    132	   2636	  22200	   56b8	BootLoader.elf
Finished building: default.size.stdout
 
14:58:46 **** Incremental Build of configuration Debug for project BootLoader ****
make -j4 all 
arm-none-eabi-size   BootLoader.elf 
   text	   data	    bss	    dec	    hex	filename
  19432	    132	   2636	  22200	   56b8	BootLoader.elf
Finished building: default.size.stdout
 
15:08:59 **** Incremental Build of configuration Debug for project BootLoader ****
make -j4 all 
arm-none-eabi-size   BootLoader.elf 
   text	   data	    bss	    dec	    hex	filename
  19432	    132	   2636	  22200	   56b8	BootLoader.elf
Finished building: default.size.stdout
 
15:11:05 **** Incremental Build of configuration Debug for project BootLoader ****
make -j4 all 
arm-none-eabi-size   BootLoader.elf 
   text	   data	    bss	    dec	    hex	filename
  19432	    132	   2636	  22200	   56b8	BootLoader.elf
Finished building: default.size.stdout
 
15:13:19 **** Incremental Build of configuration Debug for project BootLoader ****
make -j4 all 
arm-none-eabi-size   BootLoader.elf 
   text	   data	    bss	    dec	    hex	filename
  19432	    132	   2636	  22200	   56b8	BootLoader.elf
Finished building: default.size.stdout
 
15:17:09 **** Incremental Build of configuration Debug for project BootLoader ****
make -j4 all 
arm-none-eabi-size   BootLoader.elf 
   text	   data	    bss	    dec	    hex	filename
  19432	    132	   2636	  22200	   56b8	BootLoader.elf
Finished building: default.size.stdout
 
15:18:21 **** Incremental Build of configuration Debug for project BootLoader ****
make -j4 all 
arm-none-eabi-size   BootLoader.elf 
   text	   data	    bss	    dec	    hex	filename
  19432	    132	   2636	  22200	   56b8	BootLoader.elf
Finished building: default.size.stdout
 
15:20:50 **** Incremental Build of configuration Debug for project BootLoader ****
make -j4 all 
arm-none-eabi-size   BootLoader.elf 
   text	   data	    bss	    dec	    hex	filename
  19432	    132	   2636	  22200	   56b8	BootLoader.elf
Finished building: default.size.stdout
 
15:21:22 **** Incremental Build of configuration Debug for project BootLoader ****
make -j4 all 
arm-none-eabi-size   BootLoader.elf 
   text	   data	    bss	    dec	    hex	filename
  19432	    132	   2636	  22200	   56b8	BootLoader.elf
Finished building: default.size.stdout
 
15:23:06 **** Incremental Build of configuration Debug for project BootLoader ****
make -j4 all 
arm-none-eabi-size   BootLoader.elf 
   text	   data	    bss	    dec	    hex	filename
  19432	    132	   2636	  22200	   56b8	BootLoader.elf
Finished building: default.size.stdout
 
15:24:07 **** Incremental Build of configuration Debug for project BootLoader ****
make -j4 all 
arm-none-eabi-size   BootLoader.elf 
   text	   data	    bss	    dec	    hex	filename
  19432	    132	   2636	  22200	   56b8	BootLoader.elf
Finished building: default.size.stdout
 
15:24:48 **** Incremental Build of configuration Debug for project BootLoader ****
make -j4 all 
arm-none-eabi-size   BootLoader.elf 
   text	   data	    bss	    dec	    hex	filename
  19432	    132	   2636	  22200	   56b8	BootLoader.elf
Finished building: default.size.stdout
 
15:31:05 **** Incremental Build of configuration Debug for project BootLoader ****
make -j4 all 
arm-none-eabi-size   BootLoader.elf 
   text	   data	    bss	    dec	    hex	filename
  19432	    132	   2636	  22200	   56b8	BootLoader.elf
Finished building: default.size.stdout
 
15:33:20 **** Incremental Build of configuration Debug for project BootLoader ****
make -j4 all 
arm-none-eabi-size   BootLoader.elf 
   text	   data	    bss	    dec	    hex	filename
  19432	    132	   2636	  22200	   56b8	BootLoader.elf
Finished building: default.size.stdout
 
15:34:51 **** Incremental Build of configuration Debug for project BootLoader ****
make -j4 all 
arm-none-eabi-size   BootLoader.elf 
   text	   data	    bss	    dec	    hex	filename
  19432	    132	   2636	  22200	   56b8	BootLoader.elf
Finished building: default.size.stdout
 
15:41:26 **** Incremental Build of configuration Debug for project BootLoader ****
make -j4 all 
arm-none-eabi-size   BootLoader.elf 
   text	   data	    bss	    dec	    hex	filename
  19432	    132	   2636	  22200	   56b8	BootLoader.elf
Finished building: default.size.stdout
 
15:51:08 **** Incremental Build of configuration Debug for project BootLoader ****
make -j4 all 
arm-none-eabi-size   BootLoader.elf 
   text	   data	    bss	    dec	    hex	filename
  19432	    132	   2636	  22200	   56b8	BootLoader.elf
Finished building: default.size.stdout
 
15:54:51 **** Incremental Build of configuration Debug for project BootLoader ****
make -j4 all 
arm-none-eabi-size   BootLoader.elf 
   text	   data	    bss	    dec	    hex	filename
  19432	    132	   2636	  22200	   56b8	BootLoader.elf
Finished building: default.size.stdout
 
16:19:00 **** Incremental Build of configuration Debug for project BootLoader ****
make -j4 all 
arm-none-eabi-size   BootLoader.elf 
   text	   data	    bss	    dec	    hex	filename
  19432	    132	   2636	  22200	   56b8	BootLoader.elf
Finished building: default.size.stdout
 
17:25:27 **** Incremental Build of configuration Debug for project BootLoader ****
make -j4 all 
arm-none-eabi-size   BootLoader.elf 
   text	   data	    bss	    dec	    hex	filename
  19432	    132	   2636	  22200	   56b8	BootLoader.elf
Finished building: default.size.stdout
 
17:26:29 **** Incremental Build of configuration Debug for project BootLoader ****
make -j4 all 
arm-none-eabi-size   BootLoader.elf 
   text	   data	    bss	    dec	    hex	filename
  19432	    132	   2636	  22200	   56b8	BootLoader.elf
Finished building: default.size.stdout
 
18:14:35 **** Incremental Build of configuration Debug for project BootLoader ****
make -j4 all 
arm-none-eabi-size   BootLoader.elf 
   text	   data	    bss	    dec	    hex	filename
  19432	    132	   2636	  22200	   56b8	BootLoader.elf
Finished building: default.size.stdout
 
18:17:39 **** Incremental Build of configuration Debug for project BootLoader ****
make -j4 all 
arm-none-eabi-size   BootLoader.elf 
   text	   data	    bss	    dec	    hex	filename
  19432	    132	   2636	  22200	   56b8	BootLoader.elf
Finished building: default.size.stdout
 
18:33:22 **** Incremental Build of configuration Debug for project BootLoader ****
make -j4 all 
arm-none-eabi-size   BootLoader.elf 
   text	   data	    bss	    dec	    hex	filename
  19432	    132	   2636	  22200	   56b8	BootLoader.elf
Finished building: default.size.stdout
 
18:35:58 **** Incremental Build of configuration Debug for project BootLoader ****
make -j4 all 
arm-none-eabi-size   BootLoader.elf 
   text	   data	    bss	    dec	    hex	filename
  19432	    132	   2636	  22200	   56b8	BootLoader.elf
Finished building: default.size.stdout
 
18:38:34 **** Incremental Build of configuration Debug for project BootLoader ****
make -j4 all 
arm-none-eabi-size   BootLoader.elf 
   text	   data	    bss	    dec	    hex	filename
  19432	    132	   2636	  22200	   56b8	BootLoader.elf
Finished building: default.size.stdout
 
18:38:47 **** Incremental Build of configuration Debug for project BootLoader ****
make -j4 all 
arm-none-eabi-size   BootLoader.elf 
   text	   data	    bss	    dec	    hex	filename
  19432	    132	   2636	  22200	   56b8	BootLoader.elf
Finished building: default.size.stdout
 
18:40:51 **** Incremental Build of configuration Debug for project BootLoader ****
make -j4 all 
arm-none-eabi-size   BootLoader.elf 
   text	   data	    bss	    dec	    hex	filename
  19432	    132	   2636	  22200	   56b8	BootLoader.elf
Finished building: default.size.stdout
 
18:49:37 **** Incremental Build of configuration Debug for project BootLoader ****
make -j4 all 
arm-none-eabi-size   BootLoader.elf 
   text	   data	    bss	    dec	    hex	filename
  19432	    132	   2636	  22200	   56b8	BootLoader.elf
Finished building: default.size.stdout
 
11:53:18 **** Incremental Build of configuration Debug for project BootLoader ****
make -j4 all 
arm-none-eabi-size   BootLoader.elf 
   text	   data	    bss	    dec	    hex	filename
  19432	    132	   2636	  22200	   56b8	BootLoader.elf
Finished building: default.size.stdout
 
15:36:03 **** Incremental Build of configuration Debug for project BootLoader ****
make -j4 all 
arm-none-eabi-size   BootLoader.elf 
   text	   data	    bss	    dec	    hex	filename
  19432	    132	   2636	  22200	   56b8	BootLoader.elf
Finished building: default.size.stdout
 
15:40:02 **** Incremental Build of configuration Debug for project BootLoader ****
make -j4 all 
arm-none-eabi-size   BootLoader.elf 
   text	   data	    bss	    dec	    hex	filename
  19432	    132	   2636	  22200	   56b8	BootLoader.elf
Finished building: default.size.stdout
 
15:40:08 **** Incremental Build of configuration Debug for project BootLoader ****
make -j4 all 
arm-none-eabi-size   BootLoader.elf 
   text	   data	    bss	    dec	    hex	filename
  19432	    132	   2636	  22200	   56b8	BootLoader.elf
Finished building: default.size.stdout
 
15:40:14 **** Incremental Build of configuration Debug for project BootLoader ****
make -j4 all 
arm-none-eabi-size   BootLoader.elf 
   text	   data	    bss	    dec	    hex	filename
  19432	    132	   2636	  22200	   56b8	BootLoader.elf
Finished building: default.size.stdout
 
17:20:32 **** Incremental Build of configuration Debug for project BootLoader ****
make -j4 all 
arm-none-eabi-size   BootLoader.elf 
   text	   data	    bss	    dec	    hex	filename
  19432	    132	   2636	  22200	   56b8	BootLoader.elf
Finished building: default.size.stdout
 
17:21:44 **** Incremental Build of configuration Debug for project BootLoader ****
make -j4 all 
arm-none-eabi-size   BootLoader.elf 
   text	   data	    bss	    dec	    hex	filename
  19432	    132	   2636	  22200	   56b8	BootLoader.elf
Finished building: default.size.stdout
 
17:22:08 **** Incremental Build of configuration Debug for project BootLoader ****
make -j4 all 
arm-none-eabi-size   BootLoader.elf 
   text	   data	    bss	    dec	    hex	filename
  19432	    132	   2636	  22200	   56b8	BootLoader.elf
Finished building: default.size.stdout
 
17:26:36 **** Incremental Build of configuration Debug for project BootLoader ****
make -j4 all 
arm-none-eabi-size   BootLoader.elf 
   text	   data	    bss	    dec	    hex	filename
  19432	    132	   2636	  22200	   56b8	BootLoader.elf
Finished building: default.size.stdout
 
17:37:44 **** Incremental Build of configuration Debug for project BootLoader ****
make -j4 all 
arm-none-eabi-size   BootLoader.elf 
   text	   data	    bss	    dec	    hex	filename
  19432	    132	   2636	  22200	   56b8	BootLoader.elf
Finished building: default.size.stdout
 
17:38:27 **** Incremental Build of configuration Debug for project BootLoader ****
make -j4 all 
arm-none-eabi-size   BootLoader.elf 
   text	   data	    bss	    dec	    hex	filename
  19432	    132	   2636	  22200	   56b8	BootLoader.elf
Finished building: default.size.stdout
 
17:39:04 **** Incremental Build of configuration Debug for project BootLoader ****
make -j4 all 
arm-none-eabi-size   BootLoader.elf 
   text	   data	    bss	    dec	    hex	filename
  19432	    132	   2636	  22200	   56b8	BootLoader.elf
Finished building: default.size.stdout
 
17:39:17 **** Incremental Build of configuration Debug for project BootLoader ****
make -j4 all 
arm-none-eabi-size   BootLoader.elf 
   text	   data	    bss	    dec	    hex	filename
  19432	    132	   2636	  22200	   56b8	BootLoader.elf
Finished building: default.size.stdout
 
17:46:02 **** Incremental Build of configuration Debug for project BootLoader ****
make -j4 all 
arm-none-eabi-size   BootLoader.elf 
   text	   data	    bss	    dec	    hex	filename
  19432	    132	   2636	  22200	   56b8	BootLoader.elf
Finished building: default.size.stdout
 
18:34:07 **** Incremental Build of configuration Debug for project BootLoader ****
make -j4 all 
arm-none-eabi-size   BootLoader.elf 
   text	   data	    bss	    dec	    hex	filename
  19432	    132	   2636	  22200	   56b8	BootLoader.elf
Finished building: default.size.stdout
 
18:37:55 **** Incremental Build of configuration Debug for project BootLoader ****
make -j4 all 
arm-none-eabi-size   BootLoader.elf 
   text	   data	    bss	    dec	    hex	filename
  19432	    132	   2636	  22200	   56b8	BootLoader.elf
Finished building: default.size.stdout
 
18:38:01 **** Incremental Build of configuration Debug for project BootLoader ****
make -j4 all 
arm-none-eabi-size   BootLoader.elf 
   text	   data	    bss	    dec	    hex	filename
  19432	    132	   2636	  22200	   56b8	BootLoader.elf
Finished building: default.size.stdout
 
18:38:50 **** Incremental Build of configuration Debug for project BootLoader ****
make -j4 all 
arm-none-eabi-size   BootLoader.elf 
   text	   data	    bss	    dec	    hex	filename
  19432	    132	   2636	  22200	   56b8	BootLoader.elf
Finished building: default.size.stdout
 
18:40:08 **** Incremental Build of configuration Debug for project BootLoader ****
make -j4 all 
arm-none-eabi-size   BootLoader.elf 
   text	   data	    bss	    dec	    hex	filename
  19432	    132	   2636	  22200	   56b8	BootLoader.elf
Finished building: default.size.stdout
 
18:44:51 **** Incremental Build of configuration Debug for project BootLoader ****
make -j4 all 
arm-none-eabi-size   BootLoader.elf 
   text	   data	    bss	    dec	    hex	filename
  19432	    132	   2636	  22200	   56b8	BootLoader.elf
Finished building: default.size.stdout
 
18:47:13 **** Incremental Build of configuration Debug for project BootLoader ****
make -j4 all 
arm-none-eabi-size   BootLoader.elf 
   text	   data	    bss	    dec	    hex	filename
  19432	    132	   2636	  22200	   56b8	BootLoader.elf
Finished building: default.size.stdout
 
18:48:37 **** Incremental Build of configuration Debug for project BootLoader ****
make -j4 all 
arm-none-eabi-size   BootLoader.elf 
   text	   data	    bss	    dec	    hex	filename
  19432	    132	   2636	  22200	   56b8	BootLoader.elf
Finished building: default.size.stdout
 
18:51:54 **** Incremental Build of configuration Debug for project BootLoader ****
make -j4 all 
arm-none-eabi-size   BootLoader.elf 
   text	   data	    bss	    dec	    hex	filename
  19432	    132	   2636	  22200	   56b8	BootLoader.elf
Finished building: default.size.stdout
 
14:36:07 **** Incremental Build of configuration Debug for project BootLoader ****
make -j4 all 
arm-none-eabi-size   BootLoader.elf 
   text	   data	    bss	    dec	    hex	filename
  19432	    132	   2636	  22200	   56b8	BootLoader.elf
Finished building: default.size.stdout
 
14:37:00 **** Incremental Build of configuration Debug for project BootLoader ****
make -j4 all 
arm-none-eabi-size   BootLoader.elf 
   text	   data	    bss	    dec	    hex	filename
  19432	    132	   2636	  22200	   56b8	BootLoader.elf
Finished building: default.size.stdout
 
14:38:44 **** Incremental Build of configuration Debug for project BootLoader ****
make -j4 all 
arm-none-eabi-size   BootLoader.elf 
   text	   data	    bss	    dec	    hex	filename
  19432	    132	   2636	  22200	   56b8	BootLoader.elf
Finished building: default.size.stdout
 
14:40:14 **** Incremental Build of configuration Debug for project BootLoader ****
make -j4 all 
arm-none-eabi-size   BootLoader.elf 
   text	   data	    bss	    dec	    hex	filename
  19432	    132	   2636	  22200	   56b8	BootLoader.elf
Finished building: default.size.stdout
 
14:43:11 **** Incremental Build of configuration Debug for project BootLoader ****
make -j4 all 
arm-none-eabi-size   BootLoader.elf 
   text	   data	    bss	    dec	    hex	filename
  19432	    132	   2636	  22200	   56b8	BootLoader.elf
Finished building: default.size.stdout
 
14:55:46 **** Incremental Build of configuration Debug for project BootLoader ****
make -j4 all 
arm-none-eabi-size   BootLoader.elf 
   text	   data	    bss	    dec	    hex	filename
  19432	    132	   2636	  22200	   56b8	BootLoader.elf
Finished building: default.size.stdout
 
15:05:30 **** Incremental Build of configuration Debug for project BootLoader ****
make -j4 all 
arm-none-eabi-size   BootLoader.elf 
   text	   data	    bss	    dec	    hex	filename
  19432	    132	   2636	  22200	   56b8	BootLoader.elf
Finished building: default.size.stdout
 
15:06:24 **** Incremental Build of configuration Debug for project BootLoader ****
make -j4 all 
arm-none-eabi-size   BootLoader.elf 
   text	   data	    bss	    dec	    hex	filename
  19432	    132	   2636	  22200	   56b8	BootLoader.elf
Finished building: default.size.stdout
 
15:11:50 **** Incremental Build of configuration Debug for project BootLoader ****
make -j4 all 
arm-none-eabi-size   BootLoader.elf 
   text	   data	    bss	    dec	    hex	filename
  19432	    132	   2636	  22200	   56b8	BootLoader.elf
Finished building: default.size.stdout
 
15:21:09 **** Incremental Build of configuration Debug for project BootLoader ****
make -j4 all 
arm-none-eabi-size   BootLoader.elf 
   text	   data	    bss	    dec	    hex	filename
  19432	    132	   2636	  22200	   56b8	BootLoader.elf
Finished building: default.size.stdout
 
15:22:28 **** Incremental Build of configuration Debug for project BootLoader ****
make -j4 all 
arm-none-eabi-size   BootLoader.elf 
   text	   data	    bss	    dec	    hex	filename
  19432	    132	   2636	  22200	   56b8	BootLoader.elf
Finished building: default.size.stdout
 
15:29:40 **** Incremental Build of configuration Debug for project BootLoader ****
make -j4 all 
arm-none-eabi-size   BootLoader.elf 
   text	   data	    bss	    dec	    hex	filename
  19432	    132	   2636	  22200	   56b8	BootLoader.elf
Finished building: default.size.stdout
 
15:44:54 **** Incremental Build of configuration Debug for project BootLoader ****
make -j4 all 
arm-none-eabi-size   BootLoader.elf 
   text	   data	    bss	    dec	    hex	filename
  19432	    132	   2636	  22200	   56b8	BootLoader.elf
Finished building: default.size.stdout
 
15:46:29 **** Incremental Build of configuration Debug for project BootLoader ****
make -j4 all 
arm-none-eabi-size   BootLoader.elf 
   text	   data	    bss	    dec	    hex	filename
  19432	    132	   2636	  22200	   56b8	BootLoader.elf
Finished building: default.size.stdout
 
15:49:59 **** Incremental Build of configuration Debug for project BootLoader ****
make -j4 all 
arm-none-eabi-size   BootLoader.elf 
   text	   data	    bss	    dec	    hex	filename
  19432	    132	   2636	  22200	   56b8	BootLoader.elf
Finished building: default.size.stdout
 
16:03:30 **** Incremental Build of configuration Debug for project BootLoader ****
make -j4 all 
arm-none-eabi-size   BootLoader.elf 
   text	   data	    bss	    dec	    hex	filename
  19432	    132	   2636	  22200	   56b8	BootLoader.elf
Finished building: default.size.stdout
 
18:19:53 **** Incremental Build of configuration Debug for project BootLoader ****
make -j4 all 
arm-none-eabi-size   BootLoader.elf 
   text	   data	    bss	    dec	    hex	filename
  19432	    132	   2636	  22200	   56b8	BootLoader.elf
Finished building: default.size.stdout
 
18:25:49 **** Incremental Build of configuration Debug for project BootLoader ****
make -j4 all 
arm-none-eabi-size   BootLoader.elf 
   text	   data	    bss	    dec	    hex	filename
  19432	    132	   2636	  22200	   56b8	BootLoader.elf
Finished building: default.size.stdout
 
18:27:28 **** Incremental Build of configuration Debug for project BootLoader ****
make -j4 all 
arm-none-eabi-size   BootLoader.elf 
   text	   data	    bss	    dec	    hex	filename
  19432	    132	   2636	  22200	   56b8	BootLoader.elf
Finished building: default.size.stdout
 
18:27:44 **** Incremental Build of configuration Debug for project BootLoader ****
make -j4 all 
arm-none-eabi-size   BootLoader.elf 
   text	   data	    bss	    dec	    hex	filename
  19432	    132	   2636	  22200	   56b8	BootLoader.elf
Finished building: default.size.stdout
 
18:30:00 **** Incremental Build of configuration Debug for project BootLoader ****
make -j4 all 
arm-none-eabi-size   BootLoader.elf 
   text	   data	    bss	    dec	    hex	filename
  19432	    132	   2636	  22200	   56b8	BootLoader.elf
Finished building: default.size.stdout
 
18:33:02 **** Incremental Build of configuration Debug for project BootLoader ****
make -j4 all 
arm-none-eabi-size   BootLoader.elf 
   text	   data	    bss	    dec	    hex	filename
  19432	    132	   2636	  22200	   56b8	BootLoader.elf
Finished building: default.size.stdout
 
18:36:36 **** Incremental Build of configuration Debug for project BootLoader ****
make -j4 all 
arm-none-eabi-size   BootLoader.elf 
   text	   data	    bss	    dec	    hex	filename
  19432	    132	   2636	  22200	   56b8	BootLoader.elf
Finished building: default.size.stdout
 
18:44:16 **** Incremental Build of configuration Debug for project BootLoader ****
make -j4 all 
arm-none-eabi-size   BootLoader.elf 
   text	   data	    bss	    dec	    hex	filename
  19432	    132	   2636	  22200	   56b8	BootLoader.elf
Finished building: default.size.stdout
 
18:46:27 **** Incremental Build of configuration Debug for project BootLoader ****
make -j4 all 
arm-none-eabi-size   BootLoader.elf 
   text	   data	    bss	    dec	    hex	filename
  19432	    132	   2636	  22200	   56b8	BootLoader.elf
Finished building: default.size.stdout
 
18:46:54 **** Incremental Build of configuration Debug for project BootLoader ****
make -j4 all 
arm-none-eabi-size   BootLoader.elf 
   text	   data	    bss	    dec	    hex	filename
  19432	    132	   2636	  22200	   56b8	BootLoader.elf
Finished building: default.size.stdout
 
09:36:26 **** Incremental Build of configuration Debug for project BootLoader ****
make -j4 all 
arm-none-eabi-size   BootLoader.elf 
   text	   data	    bss	    dec	    hex	filename
  19432	    132	   2636	  22200	   56b8	BootLoader.elf
Finished building: default.size.stdout
 
09:37:41 **** Incremental Build of configuration Debug for project BootLoader ****
make -j4 all 
arm-none-eabi-size   BootLoader.elf 
   text	   data	    bss	    dec	    hex	filename
  19432	    132	   2636	  22200	   56b8	BootLoader.elf
Finished building: default.size.stdout
 
10:06:26 **** Incremental Build of configuration Debug for project BootLoader ****
make -j4 all 
arm-none-eabi-size   BootLoader.elf 
   text	   data	    bss	    dec	    hex	filename
  19432	    132	   2636	  22200	   56b8	BootLoader.elf
Finished building: default.size.stdout
 
10:07:31 **** Incremental Build of configuration Debug for project BootLoader ****
make -j4 all 
arm-none-eabi-size   BootLoader.elf 
   text	   data	    bss	    dec	    hex	filename
  19432	    132	   2636	  22200	   56b8	BootLoader.elf
Finished building: default.size.stdout
 
10:32:58 **** Incremental Build of configuration Debug for project BootLoader ****
make -j4 all 
arm-none-eabi-size   BootLoader.elf 
   text	   data	    bss	    dec	    hex	filename
  19432	    132	   2636	  22200	   56b8	BootLoader.elf
Finished building: default.size.stdout
 
10:52:04 **** Incremental Build of configuration Debug for project BootLoader ****
make -j4 all 
arm-none-eabi-size   BootLoader.elf 
   text	   data	    bss	    dec	    hex	filename
  19432	    132	   2636	  22200	   56b8	BootLoader.elf
Finished building: default.size.stdout
 
10:53:02 **** Incremental Build of configuration Debug for project BootLoader ****
make -j4 all 
arm-none-eabi-size   BootLoader.elf 
   text	   data	    bss	    dec	    hex	filename
  19432	    132	   2636	  22200	   56b8	BootLoader.elf
Finished building: default.size.stdout
 
10:55:04 **** Incremental Build of configuration Debug for project BootLoader ****
make -j4 all 
arm-none-eabi-size   BootLoader.elf 
   text	   data	    bss	    dec	    hex	filename
  19432	    132	   2636	  22200	   56b8	BootLoader.elf
Finished building: default.size.stdout
 
11:06:03 **** Incremental Build of configuration Debug for project BootLoader ****
make -j4 all 
arm-none-eabi-size   BootLoader.elf 
   text	   data	    bss	    dec	    hex	filename
  19432	    132	   2636	  22200	   56b8	BootLoader.elf
Finished building: default.size.stdout
 
11:18:31 **** Incremental Build of configuration Debug for project BootLoader ****
make -j4 all 
arm-none-eabi-size   BootLoader.elf 
   text	   data	    bss	    dec	    hex	filename
  19432	    132	   2636	  22200	   56b8	BootLoader.elf
Finished building: default.size.stdout
 
11:21:11 **** Incremental Build of configuration Debug for project BootLoader ****
make -j4 all 
arm-none-eabi-size   BootLoader.elf 
   text	   data	    bss	    dec	    hex	filename
  19432	    132	   2636	  22200	   56b8	BootLoader.elf
Finished building: default.size.stdout
 
11:22:30 **** Incremental Build of configuration Debug for project BootLoader ****
make -j4 all 
arm-none-eabi-size   BootLoader.elf 
   text	   data	    bss	    dec	    hex	filename
  19432	    132	   2636	  22200	   56b8	BootLoader.elf
Finished building: default.size.stdout
 
11:26:12 **** Incremental Build of configuration Debug for project BootLoader ****
make -j4 all 
arm-none-eabi-size   BootLoader.elf 
   text	   data	    bss	    dec	    hex	filename
  19432	    132	   2636	  22200	   56b8	BootLoader.elf
Finished building: default.size.stdout
 
11:46:59 **** Incremental Build of configuration Debug for project BootLoader ****
make -j4 all 
arm-none-eabi-size   BootLoader.elf 
   text	   data	    bss	    dec	    hex	filename
  19432	    132	   2636	  22200	   56b8	BootLoader.elf
Finished building: default.size.stdout
 
11:51:48 **** Incremental Build of configuration Debug for project BootLoader ****
make -j4 all 
arm-none-eabi-size   BootLoader.elf 
   text	   data	    bss	    dec	    hex	filename
  19432	    132	   2636	  22200	   56b8	BootLoader.elf
Finished building: default.size.stdout
 
12:02:00 **** Incremental Build of configuration Debug for project BootLoader ****
make -j4 all 
arm-none-eabi-size   BootLoader.elf 
   text	   data	    bss	    dec	    hex	filename
  19432	    132	   2636	  22200	   56b8	BootLoader.elf
Finished building: default.size.stdout
 
12:07:45 **** Incremental Build of configuration Debug for project BootLoader ****
make -j4 all 
arm-none-eabi-size   BootLoader.elf 
   text	   data	    bss	    dec	    hex	filename
  19432	    132	   2636	  22200	   56b8	BootLoader.elf
Finished building: default.size.stdout
 
12:20:00 **** Incremental Build of configuration Debug for project BootLoader ****
make -j4 all 
arm-none-eabi-size   BootLoader.elf 
   text	   data	    bss	    dec	    hex	filename
  19432	    132	   2636	  22200	   56b8	BootLoader.elf
Finished building: default.size.stdout
 
12:32:23 **** Incremental Build of configuration Debug for project BootLoader ****
make -j4 all 
arm-none-eabi-gcc "../Core/Src/Comunicacao.c" -mcpu=cortex-m0 -std=gnu11 -g3 -DDEBUG -DUSE_HAL_DRIVER -DSTM32F072xB -c -I../Core/Inc -I../Drivers/STM32F0xx_HAL_Driver/Inc -I../Drivers/STM32F0xx_HAL_Driver/Inc/Legacy -I../Drivers/CMSIS/Device/ST/STM32F0xx/Include -I../Drivers/CMSIS/Include -O0 -ffunction-sections -fdata-sections -Wall -fstack-usage -MMD -MP -MF"Core/Src/Comunicacao.d" -MT"Core/Src/Comunicacao.o" --specs=nano.specs -mfloat-abi=soft -mthumb -o "Core/Src/Comunicacao.o"
../Core/Src/Comunicacao.c: In function 'ProcessarUART':
../Core/Src/Comunicacao.c:289:6: warning: 'memcpy' accessing 2 bytes at offsets 1 and 2 overlaps 1 byte at offset 2 [-Wrestrict]
  289 |      memcpy(&stats_firm.buffer[1], &stats_firm.stats_firm.linhas_gravadas, 2);
      |      ^~~~~~~~~~~~~~~~~~~~~~~~~~~~~~~~~~~~~~~~~~~~~~~~~~~~~~~~~~~~~~~~~~~~~~~~
arm-none-eabi-gcc -o "BootLoader.elf" @"objects.list"   -mcpu=cortex-m0 -T"C:\Users\pedro.pereira\STM32CubeIDE\workspace_1.10.1\BootLoader\STM32F072RBTX_FLASH.ld" --specs=nosys.specs -Wl,-Map="BootLoader.map" -Wl,--gc-sections -static --specs=nano.specs -mfloat-abi=soft -mthumb -Wl,--start-group -lc -lm -Wl,--end-group
Finished building target: BootLoader.elf
 
arm-none-eabi-size   BootLoader.elf 
arm-none-eabi-objdump -h -S  BootLoader.elf  > "BootLoader.list"
   text	   data	    bss	    dec	    hex	filename
  19432	    132	   2636	  22200	   56b8	BootLoader.elf
Finished building: default.size.stdout
 
Finished building: BootLoader.list
 
12:36:37 **** Incremental Build of configuration Debug for project BootLoader ****
make -j4 all 
arm-none-eabi-size   BootLoader.elf 
   text	   data	    bss	    dec	    hex	filename
  19432	    132	   2636	  22200	   56b8	BootLoader.elf
Finished building: default.size.stdout
 
12:37:14 **** Incremental Build of configuration Debug for project BootLoader ****
make -j4 all 
arm-none-eabi-size   BootLoader.elf 
   text	   data	    bss	    dec	    hex	filename
  19432	    132	   2636	  22200	   56b8	BootLoader.elf
Finished building: default.size.stdout
 
12:41:54 **** Incremental Build of configuration Debug for project BootLoader ****
make -j4 all 
arm-none-eabi-gcc "../Core/Src/Comunicacao.c" -mcpu=cortex-m0 -std=gnu11 -g3 -DDEBUG -DUSE_HAL_DRIVER -DSTM32F072xB -c -I../Core/Inc -I../Drivers/STM32F0xx_HAL_Driver/Inc -I../Drivers/STM32F0xx_HAL_Driver/Inc/Legacy -I../Drivers/CMSIS/Device/ST/STM32F0xx/Include -I../Drivers/CMSIS/Include -O0 -ffunction-sections -fdata-sections -Wall -fstack-usage -MMD -MP -MF"Core/Src/Comunicacao.d" -MT"Core/Src/Comunicacao.o" --specs=nano.specs -mfloat-abi=soft -mthumb -o "Core/Src/Comunicacao.o"
../Core/Src/Comunicacao.c: In function 'ProcessarUART':
../Core/Src/Comunicacao.c:335:30: warning: pointer targets in passing argument 2 of 'HAL_UART_Transmit' differ in signedness [-Wpointer-sign]
  335 |      HAL_UART_Transmit(huart,txt, sizeof txt, 100);
      |                              ^~~
      |                              |
      |                              char *
In file included from ../Core/Inc/stm32f0xx_hal_conf.h:289,
                 from ../Drivers/STM32F0xx_HAL_Driver/Inc/stm32f0xx_hal.h:30,
                 from ../Core/Inc/main.h:30,
                 from ../Core/Inc/Comunicacao.h:11,
                 from ../Core/Src/Comunicacao.c:9:
../Drivers/STM32F0xx_HAL_Driver/Inc/stm32f0xx_hal_uart.h:1528:73: note: expected 'uint8_t *' {aka 'unsigned char *'} but argument is of type 'char *'
 1528 | HAL_StatusTypeDef HAL_UART_Transmit(UART_HandleTypeDef *huart, uint8_t *pData, uint16_t Size, uint32_t Timeout);
      |                                                                ~~~~~~~~~^~~~~
../Core/Src/Comunicacao.c:289:6: warning: 'memcpy' accessing 2 bytes at offsets 1 and 2 overlaps 1 byte at offset 2 [-Wrestrict]
  289 |      memcpy(&stats_firm.buffer[1], &stats_firm.stats_firm.linhas_gravadas, 2);
      |      ^~~~~~~~~~~~~~~~~~~~~~~~~~~~~~~~~~~~~~~~~~~~~~~~~~~~~~~~~~~~~~~~~~~~~~~~
arm-none-eabi-gcc -o "BootLoader.elf" @"objects.list"   -mcpu=cortex-m0 -T"C:\Users\pedro.pereira\STM32CubeIDE\workspace_1.10.1\BootLoader\STM32F072RBTX_FLASH.ld" --specs=nosys.specs -Wl,-Map="BootLoader.map" -Wl,--gc-sections -static --specs=nano.specs -mfloat-abi=soft -mthumb -Wl,--start-group -lc -lm -Wl,--end-group
Finished building target: BootLoader.elf
 
arm-none-eabi-size   BootLoader.elf 
arm-none-eabi-objdump -h -S  BootLoader.elf  > "BootLoader.list"
   text	   data	    bss	    dec	    hex	filename
  19472	    132	   2636	  22240	   56e0	BootLoader.elf
Finished building: default.size.stdout
 
Finished building: BootLoader.list
 
12:44:12 **** Incremental Build of configuration Debug for project BootLoader ****
make -j4 all 
arm-none-eabi-size   BootLoader.elf 
   text	   data	    bss	    dec	    hex	filename
  19472	    132	   2636	  22240	   56e0	BootLoader.elf
Finished building: default.size.stdout
 
12:45:11 **** Incremental Build of configuration Debug for project BootLoader ****
make -j4 all 
arm-none-eabi-size   BootLoader.elf 
   text	   data	    bss	    dec	    hex	filename
  19472	    132	   2636	  22240	   56e0	BootLoader.elf
Finished building: default.size.stdout
 
13:02:53 **** Incremental Build of configuration Debug for project BootLoader ****
make -j4 all 
arm-none-eabi-gcc "../Core/Src/Comunicacao.c" -mcpu=cortex-m0 -std=gnu11 -g3 -DDEBUG -DUSE_HAL_DRIVER -DSTM32F072xB -c -I../Core/Inc -I../Drivers/STM32F0xx_HAL_Driver/Inc -I../Drivers/STM32F0xx_HAL_Driver/Inc/Legacy -I../Drivers/CMSIS/Device/ST/STM32F0xx/Include -I../Drivers/CMSIS/Include -O0 -ffunction-sections -fdata-sections -Wall -fstack-usage -MMD -MP -MF"Core/Src/Comunicacao.d" -MT"Core/Src/Comunicacao.o" --specs=nano.specs -mfloat-abi=soft -mthumb -o "Core/Src/Comunicacao.o"
../Core/Src/Comunicacao.c: In function 'ProcessarUART':
../Core/Src/Comunicacao.c:289:6: warning: 'memcpy' accessing 2 bytes at offsets 1 and 2 overlaps 1 byte at offset 2 [-Wrestrict]
  289 |      memcpy(&stats_firm.buffer[1], &stats_firm.stats_firm.linhas_gravadas, 2);
      |      ^~~~~~~~~~~~~~~~~~~~~~~~~~~~~~~~~~~~~~~~~~~~~~~~~~~~~~~~~~~~~~~~~~~~~~~~
arm-none-eabi-gcc -o "BootLoader.elf" @"objects.list"   -mcpu=cortex-m0 -T"C:\Users\pedro.pereira\STM32CubeIDE\workspace_1.10.1\BootLoader\STM32F072RBTX_FLASH.ld" --specs=nosys.specs -Wl,-Map="BootLoader.map" -Wl,--gc-sections -static --specs=nano.specs -mfloat-abi=soft -mthumb -Wl,--start-group -lc -lm -Wl,--end-group
Finished building target: BootLoader.elf
 
arm-none-eabi-size   BootLoader.elf 
arm-none-eabi-objdump -h -S  BootLoader.elf  > "BootLoader.list"
   text	   data	    bss	    dec	    hex	filename
  19432	    132	   2636	  22200	   56b8	BootLoader.elf
Finished building: default.size.stdout
 
Finished building: BootLoader.list
 
13:03:13 **** Incremental Build of configuration Debug for project BootLoader ****
make -j4 all 
arm-none-eabi-size   BootLoader.elf 
   text	   data	    bss	    dec	    hex	filename
  19432	    132	   2636	  22200	   56b8	BootLoader.elf
Finished building: default.size.stdout
 
13:07:20 **** Incremental Build of configuration Debug for project BootLoader ****
make -j4 all 
arm-none-eabi-gcc "../Core/Src/Comunicacao.c" -mcpu=cortex-m0 -std=gnu11 -g3 -DDEBUG -DUSE_HAL_DRIVER -DSTM32F072xB -c -I../Core/Inc -I../Drivers/STM32F0xx_HAL_Driver/Inc -I../Drivers/STM32F0xx_HAL_Driver/Inc/Legacy -I../Drivers/CMSIS/Device/ST/STM32F0xx/Include -I../Drivers/CMSIS/Include -O0 -ffunction-sections -fdata-sections -Wall -fstack-usage -MMD -MP -MF"Core/Src/Comunicacao.d" -MT"Core/Src/Comunicacao.o" --specs=nano.specs -mfloat-abi=soft -mthumb -o "Core/Src/Comunicacao.o"
../Core/Src/Comunicacao.c: In function 'ProcessarUART':
../Core/Src/Comunicacao.c:289:6: warning: 'memcpy' accessing 2 bytes at offsets 1 and 2 overlaps 1 byte at offset 2 [-Wrestrict]
  289 |      memcpy(&stats_firm.buffer[1], &stats_firm.stats_firm.linhas_gravadas, 2);
      |      ^~~~~~~~~~~~~~~~~~~~~~~~~~~~~~~~~~~~~~~~~~~~~~~~~~~~~~~~~~~~~~~~~~~~~~~~
arm-none-eabi-gcc -o "BootLoader.elf" @"objects.list"   -mcpu=cortex-m0 -T"C:\Users\pedro.pereira\STM32CubeIDE\workspace_1.10.1\BootLoader\STM32F072RBTX_FLASH.ld" --specs=nosys.specs -Wl,-Map="BootLoader.map" -Wl,--gc-sections -static --specs=nano.specs -mfloat-abi=soft -mthumb -Wl,--start-group -lc -lm -Wl,--end-group
Finished building target: BootLoader.elf
 
arm-none-eabi-size   BootLoader.elf 
arm-none-eabi-objdump -h -S  BootLoader.elf  > "BootLoader.list"
   text	   data	    bss	    dec	    hex	filename
  19396	    132	   2636	  22164	   5694	BootLoader.elf
Finished building: default.size.stdout
 
Finished building: BootLoader.list
 
13:18:34 **** Incremental Build of configuration Debug for project BootLoader ****
make -j4 all 
arm-none-eabi-gcc "../Core/Src/Comunicacao.c" -mcpu=cortex-m0 -std=gnu11 -g3 -DDEBUG -DUSE_HAL_DRIVER -DSTM32F072xB -c -I../Core/Inc -I../Drivers/STM32F0xx_HAL_Driver/Inc -I../Drivers/STM32F0xx_HAL_Driver/Inc/Legacy -I../Drivers/CMSIS/Device/ST/STM32F0xx/Include -I../Drivers/CMSIS/Include -O0 -ffunction-sections -fdata-sections -Wall -fstack-usage -MMD -MP -MF"Core/Src/Comunicacao.d" -MT"Core/Src/Comunicacao.o" --specs=nano.specs -mfloat-abi=soft -mthumb -o "Core/Src/Comunicacao.o"
../Core/Src/Comunicacao.c: In function 'ProcessarUART':
../Core/Src/Comunicacao.c:289:6: warning: 'memcpy' accessing 2 bytes at offsets 1 and 2 overlaps 1 byte at offset 2 [-Wrestrict]
  289 |      memcpy(&stats_firm.buffer[1], &stats_firm.stats_firm.linhas_gravadas, 2);
      |      ^~~~~~~~~~~~~~~~~~~~~~~~~~~~~~~~~~~~~~~~~~~~~~~~~~~~~~~~~~~~~~~~~~~~~~~~
arm-none-eabi-gcc -o "BootLoader.elf" @"objects.list"   -mcpu=cortex-m0 -T"C:\Users\pedro.pereira\STM32CubeIDE\workspace_1.10.1\BootLoader\STM32F072RBTX_FLASH.ld" --specs=nosys.specs -Wl,-Map="BootLoader.map" -Wl,--gc-sections -static --specs=nano.specs -mfloat-abi=soft -mthumb -Wl,--start-group -lc -lm -Wl,--end-group
Finished building target: BootLoader.elf
 
arm-none-eabi-size   BootLoader.elf 
arm-none-eabi-objdump -h -S  BootLoader.elf  > "BootLoader.list"
   text	   data	    bss	    dec	    hex	filename
  19432	    132	   2636	  22200	   56b8	BootLoader.elf
Finished building: default.size.stdout
 
Finished building: BootLoader.list
 
13:23:49 **** Incremental Build of configuration Debug for project BootLoader ****
make -j4 all 
arm-none-eabi-size   BootLoader.elf 
   text	   data	    bss	    dec	    hex	filename
  19432	    132	   2636	  22200	   56b8	BootLoader.elf
Finished building: default.size.stdout
 
13:27:01 **** Incremental Build of configuration Debug for project BootLoader ****
make -j4 all 
arm-none-eabi-gcc "../Core/Src/Comunicacao.c" -mcpu=cortex-m0 -std=gnu11 -g3 -DDEBUG -DUSE_HAL_DRIVER -DSTM32F072xB -c -I../Core/Inc -I../Drivers/STM32F0xx_HAL_Driver/Inc -I../Drivers/STM32F0xx_HAL_Driver/Inc/Legacy -I../Drivers/CMSIS/Device/ST/STM32F0xx/Include -I../Drivers/CMSIS/Include -O0 -ffunction-sections -fdata-sections -Wall -fstack-usage -MMD -MP -MF"Core/Src/Comunicacao.d" -MT"Core/Src/Comunicacao.o" --specs=nano.specs -mfloat-abi=soft -mthumb -o "Core/Src/Comunicacao.o"
../Core/Src/Comunicacao.c: In function 'ProcessarUART':
../Core/Src/Comunicacao.c:291:6: warning: 'memcpy' accessing 2 bytes at offsets 1 and 2 overlaps 1 byte at offset 2 [-Wrestrict]
  291 |      memcpy(&stats_firm.buffer[1], &stats_firm.stats_firm.linhas_gravadas, 2);
      |      ^~~~~~~~~~~~~~~~~~~~~~~~~~~~~~~~~~~~~~~~~~~~~~~~~~~~~~~~~~~~~~~~~~~~~~~~
arm-none-eabi-gcc -o "BootLoader.elf" @"objects.list"   -mcpu=cortex-m0 -T"C:\Users\pedro.pereira\STM32CubeIDE\workspace_1.10.1\BootLoader\STM32F072RBTX_FLASH.ld" --specs=nosys.specs -Wl,-Map="BootLoader.map" -Wl,--gc-sections -static --specs=nano.specs -mfloat-abi=soft -mthumb -Wl,--start-group -lc -lm -Wl,--end-group
Finished building target: BootLoader.elf
 
arm-none-eabi-size   BootLoader.elf 
arm-none-eabi-objdump -h -S  BootLoader.elf  > "BootLoader.list"
   text	   data	    bss	    dec	    hex	filename
  19448	    132	   2636	  22216	   56c8	BootLoader.elf
Finished building: default.size.stdout
 
Finished building: BootLoader.list
 
13:32:50 **** Incremental Build of configuration Debug for project BootLoader ****
make -j4 all 
arm-none-eabi-size   BootLoader.elf 
   text	   data	    bss	    dec	    hex	filename
  19448	    132	   2636	  22216	   56c8	BootLoader.elf
Finished building: default.size.stdout
 
13:32:57 **** Incremental Build of configuration Debug for project BootLoader ****
make -j4 all 
arm-none-eabi-size   BootLoader.elf 
   text	   data	    bss	    dec	    hex	filename
  19448	    132	   2636	  22216	   56c8	BootLoader.elf
Finished building: default.size.stdout
 
13:33:14 **** Incremental Build of configuration Debug for project BootLoader ****
make -j4 all 
arm-none-eabi-size   BootLoader.elf 
   text	   data	    bss	    dec	    hex	filename
  19448	    132	   2636	  22216	   56c8	BootLoader.elf
Finished building: default.size.stdout
 
13:35:44 **** Incremental Build of configuration Debug for project BootLoader ****
make -j4 all 
arm-none-eabi-size   BootLoader.elf 
   text	   data	    bss	    dec	    hex	filename
  19448	    132	   2636	  22216	   56c8	BootLoader.elf
Finished building: default.size.stdout
 
13:37:51 **** Incremental Build of configuration Debug for project BootLoader ****
make -j4 all 
arm-none-eabi-gcc "../Core/Src/Comunicacao.c" -mcpu=cortex-m0 -std=gnu11 -g3 -DDEBUG -DUSE_HAL_DRIVER -DSTM32F072xB -c -I../Core/Inc -I../Drivers/STM32F0xx_HAL_Driver/Inc -I../Drivers/STM32F0xx_HAL_Driver/Inc/Legacy -I../Drivers/CMSIS/Device/ST/STM32F0xx/Include -I../Drivers/CMSIS/Include -O0 -ffunction-sections -fdata-sections -Wall -fstack-usage -MMD -MP -MF"Core/Src/Comunicacao.d" -MT"Core/Src/Comunicacao.o" --specs=nano.specs -mfloat-abi=soft -mthumb -o "Core/Src/Comunicacao.o"
../Core/Src/Comunicacao.c: In function 'ProcessarUART':
../Core/Src/Comunicacao.c:213:23: error: 'LD2_GPIO_Port' undeclared (first use in this function); did you mean 'B1_GPIO_Port'?
  213 |    HAL_GPIO_TogglePin(LD2_GPIO_Port, LD2_Pin);
      |                       ^~~~~~~~~~~~~
      |                       B1_GPIO_Port
../Core/Src/Comunicacao.c:213:23: note: each undeclared identifier is reported only once for each function it appears in
../Core/Src/Comunicacao.c:213:38: error: 'LD2_Pin' undeclared (first use in this function)
  213 |    HAL_GPIO_TogglePin(LD2_GPIO_Port, LD2_Pin);
      |                                      ^~~~~~~
../Core/Src/Comunicacao.c:292:6: warning: 'memcpy' accessing 2 bytes at offsets 1 and 2 overlaps 1 byte at offset 2 [-Wrestrict]
  292 |      memcpy(&stats_firm.buffer[1], &stats_firm.stats_firm.linhas_gravadas, 2);
      |      ^~~~~~~~~~~~~~~~~~~~~~~~~~~~~~~~~~~~~~~~~~~~~~~~~~~~~~~~~~~~~~~~~~~~~~~~
make: *** [Core/Src/subdir.mk:64: Core/Src/Comunicacao.o] Error 1
"make -j4 all" terminated with exit code 2. Build might be incomplete.
13:40:13 **** Incremental Build of configuration Debug for project BootLoader ****
make -j4 all 
arm-none-eabi-gcc "../Core/Src/Comunicacao.c" -mcpu=cortex-m0 -std=gnu11 -g3 -DDEBUG -DUSE_HAL_DRIVER -DSTM32F072xB -c -I../Core/Inc -I../Drivers/STM32F0xx_HAL_Driver/Inc -I../Drivers/STM32F0xx_HAL_Driver/Inc/Legacy -I../Drivers/CMSIS/Device/ST/STM32F0xx/Include -I../Drivers/CMSIS/Include -O0 -ffunction-sections -fdata-sections -Wall -fstack-usage -MMD -MP -MF"Core/Src/Comunicacao.d" -MT"Core/Src/Comunicacao.o" --specs=nano.specs -mfloat-abi=soft -mthumb -o "Core/Src/Comunicacao.o"
../Core/Src/Comunicacao.c: In function 'ProcessarUART':
../Core/Src/Comunicacao.c:214:28: warning: pointer targets in passing argument 2 of 'HAL_UART_Transmit' differ in signedness [-Wpointer-sign]
  214 |    HAL_UART_Transmit(huart,txt, 2, TIMEOUT_COMUNICACAO_TX);
      |                            ^~~
      |                            |
      |                            char *
In file included from ../Core/Inc/stm32f0xx_hal_conf.h:289,
                 from ../Drivers/STM32F0xx_HAL_Driver/Inc/stm32f0xx_hal.h:30,
                 from ../Core/Inc/main.h:30,
                 from ../Core/Inc/Comunicacao.h:11,
                 from ../Core/Src/Comunicacao.c:9:
../Drivers/STM32F0xx_HAL_Driver/Inc/stm32f0xx_hal_uart.h:1528:73: note: expected 'uint8_t *' {aka 'unsigned char *'} but argument is of type 'char *'
 1528 | HAL_StatusTypeDef HAL_UART_Transmit(UART_HandleTypeDef *huart, uint8_t *pData, uint16_t Size, uint32_t Timeout);
      |                                                                ~~~~~~~~~^~~~~
../Core/Src/Comunicacao.c:292:6: warning: 'memcpy' accessing 2 bytes at offsets 1 and 2 overlaps 1 byte at offset 2 [-Wrestrict]
  292 |      memcpy(&stats_firm.buffer[1], &stats_firm.stats_firm.linhas_gravadas, 2);
      |      ^~~~~~~~~~~~~~~~~~~~~~~~~~~~~~~~~~~~~~~~~~~~~~~~~~~~~~~~~~~~~~~~~~~~~~~~
arm-none-eabi-gcc -o "BootLoader.elf" @"objects.list"   -mcpu=cortex-m0 -T"C:\Users\pedro.pereira\STM32CubeIDE\workspace_1.10.1\BootLoader\STM32F072RBTX_FLASH.ld" --specs=nosys.specs -Wl,-Map="BootLoader.map" -Wl,--gc-sections -static --specs=nano.specs -mfloat-abi=soft -mthumb -Wl,--start-group -lc -lm -Wl,--end-group
Finished building target: BootLoader.elf
 
arm-none-eabi-size   BootLoader.elf 
arm-none-eabi-objdump -h -S  BootLoader.elf  > "BootLoader.list"
   text	   data	    bss	    dec	    hex	filename
  19456	    132	   2636	  22224	   56d0	BootLoader.elf
Finished building: default.size.stdout
 
Finished building: BootLoader.list
 
14:52:16 **** Incremental Build of configuration Debug for project BootLoader ****
make -j4 all 
arm-none-eabi-gcc "../Core/Src/Comunicacao.c" -mcpu=cortex-m0 -std=gnu11 -g3 -DDEBUG -DUSE_HAL_DRIVER -DSTM32F072xB -c -I../Core/Inc -I../Drivers/STM32F0xx_HAL_Driver/Inc -I../Drivers/STM32F0xx_HAL_Driver/Inc/Legacy -I../Drivers/CMSIS/Device/ST/STM32F0xx/Include -I../Drivers/CMSIS/Include -O0 -ffunction-sections -fdata-sections -Wall -fstack-usage -MMD -MP -MF"Core/Src/Comunicacao.d" -MT"Core/Src/Comunicacao.o" --specs=nano.specs -mfloat-abi=soft -mthumb -o "Core/Src/Comunicacao.o"
../Core/Src/Comunicacao.c: In function 'ProcessarUART':
../Core/Src/Comunicacao.c:344:29: warning: pointer targets in passing argument 2 of 'HAL_UART_Transmit' differ in signedness [-Wpointer-sign]
  344 |     HAL_UART_Transmit(huart,txt, 2, TIMEOUT_COMUNICACAO_TX);
      |                             ^~~
      |                             |
      |                             char *
In file included from ../Core/Inc/stm32f0xx_hal_conf.h:289,
                 from ../Drivers/STM32F0xx_HAL_Driver/Inc/stm32f0xx_hal.h:30,
                 from ../Core/Inc/main.h:30,
                 from ../Core/Inc/Comunicacao.h:11,
                 from ../Core/Src/Comunicacao.c:9:
../Drivers/STM32F0xx_HAL_Driver/Inc/stm32f0xx_hal_uart.h:1528:73: note: expected 'uint8_t *' {aka 'unsigned char *'} but argument is of type 'char *'
 1528 | HAL_StatusTypeDef HAL_UART_Transmit(UART_HandleTypeDef *huart, uint8_t *pData, uint16_t Size, uint32_t Timeout);
      |                                                                ~~~~~~~~~^~~~~
../Core/Src/Comunicacao.c:291:6: warning: 'memcpy' accessing 2 bytes at offsets 1 and 2 overlaps 1 byte at offset 2 [-Wrestrict]
  291 |      memcpy(&stats_firm.buffer[1], &stats_firm.stats_firm.linhas_gravadas, 2);
      |      ^~~~~~~~~~~~~~~~~~~~~~~~~~~~~~~~~~~~~~~~~~~~~~~~~~~~~~~~~~~~~~~~~~~~~~~~
arm-none-eabi-gcc -o "BootLoader.elf" @"objects.list"   -mcpu=cortex-m0 -T"C:\Users\pedro.pereira\STM32CubeIDE\workspace_1.10.1\BootLoader\STM32F072RBTX_FLASH.ld" --specs=nosys.specs -Wl,-Map="BootLoader.map" -Wl,--gc-sections -static --specs=nano.specs -mfloat-abi=soft -mthumb -Wl,--start-group -lc -lm -Wl,--end-group
Finished building target: BootLoader.elf
 
arm-none-eabi-size   BootLoader.elf 
arm-none-eabi-objdump -h -S  BootLoader.elf  > "BootLoader.list"
   text	   data	    bss	    dec	    hex	filename
  19420	    132	   2636	  22188	   56ac	BootLoader.elf
Finished building: default.size.stdout
 
Finished building: BootLoader.list
 
14:52:41 **** Incremental Build of configuration Debug for project BootLoader ****
make -j4 all 
arm-none-eabi-size   BootLoader.elf 
   text	   data	    bss	    dec	    hex	filename
  19420	    132	   2636	  22188	   56ac	BootLoader.elf
Finished building: default.size.stdout
 
14:58:51 **** Incremental Build of configuration Debug for project BootLoader ****
make -j4 all 
arm-none-eabi-gcc "../Core/Src/Comunicacao.c" -mcpu=cortex-m0 -std=gnu11 -g3 -DDEBUG -DUSE_HAL_DRIVER -DSTM32F072xB -c -I../Core/Inc -I../Drivers/STM32F0xx_HAL_Driver/Inc -I../Drivers/STM32F0xx_HAL_Driver/Inc/Legacy -I../Drivers/CMSIS/Device/ST/STM32F0xx/Include -I../Drivers/CMSIS/Include -O0 -ffunction-sections -fdata-sections -Wall -fstack-usage -MMD -MP -MF"Core/Src/Comunicacao.d" -MT"Core/Src/Comunicacao.o" --specs=nano.specs -mfloat-abi=soft -mthumb -o "Core/Src/Comunicacao.o"
../Core/Src/Comunicacao.c: In function 'ProcessarUART':
../Core/Src/Comunicacao.c:208:29: warning: passing argument 2 of 'HAL_UART_Transmit' makes pointer from integer without a cast [-Wint-conversion]
  208 |    HAL_UART_Transmit(huart, n, sizeof n, 1000);
      |                             ^
      |                             |
      |                             uint16_t {aka short unsigned int}
In file included from ../Core/Inc/stm32f0xx_hal_conf.h:289,
                 from ../Drivers/STM32F0xx_HAL_Driver/Inc/stm32f0xx_hal.h:30,
                 from ../Core/Inc/main.h:30,
                 from ../Core/Inc/Comunicacao.h:11,
                 from ../Core/Src/Comunicacao.c:9:
../Drivers/STM32F0xx_HAL_Driver/Inc/stm32f0xx_hal_uart.h:1528:73: note: expected 'uint8_t *' {aka 'unsigned char *'} but argument is of type 'uint16_t' {aka 'short unsigned int'}
 1528 | HAL_StatusTypeDef HAL_UART_Transmit(UART_HandleTypeDef *huart, uint8_t *pData, uint16_t Size, uint32_t Timeout);
      |                                                                ~~~~~~~~~^~~~~
../Core/Src/Comunicacao.c:294:6: warning: 'memcpy' accessing 2 bytes at offsets 1 and 2 overlaps 1 byte at offset 2 [-Wrestrict]
  294 |      memcpy(&stats_firm.buffer[1], &stats_firm.stats_firm.linhas_gravadas, 2);
      |      ^~~~~~~~~~~~~~~~~~~~~~~~~~~~~~~~~~~~~~~~~~~~~~~~~~~~~~~~~~~~~~~~~~~~~~~~
arm-none-eabi-gcc -o "BootLoader.elf" @"objects.list"   -mcpu=cortex-m0 -T"C:\Users\pedro.pereira\STM32CubeIDE\workspace_1.10.1\BootLoader\STM32F072RBTX_FLASH.ld" --specs=nosys.specs -Wl,-Map="BootLoader.map" -Wl,--gc-sections -static --specs=nano.specs -mfloat-abi=soft -mthumb -Wl,--start-group -lc -lm -Wl,--end-group
Finished building target: BootLoader.elf
 
arm-none-eabi-size   BootLoader.elf 
arm-none-eabi-objdump -h -S  BootLoader.elf  > "BootLoader.list"
   text	   data	    bss	    dec	    hex	filename
  19416	    132	   2636	  22184	   56a8	BootLoader.elf
Finished building: default.size.stdout
 
Finished building: BootLoader.list
 
15:12:48 **** Incremental Build of configuration Debug for project BootLoader ****
make -j4 all 
arm-none-eabi-size   BootLoader.elf 
   text	   data	    bss	    dec	    hex	filename
  19416	    132	   2636	  22184	   56a8	BootLoader.elf
Finished building: default.size.stdout
 
15:19:15 **** Incremental Build of configuration Debug for project BootLoader ****
make -j4 all 
arm-none-eabi-size   BootLoader.elf 
   text	   data	    bss	    dec	    hex	filename
  19416	    132	   2636	  22184	   56a8	BootLoader.elf
Finished building: default.size.stdout
 
15:19:21 **** Incremental Build of configuration Debug for project BootLoader ****
make -j4 all 
arm-none-eabi-size   BootLoader.elf 
   text	   data	    bss	    dec	    hex	filename
  19416	    132	   2636	  22184	   56a8	BootLoader.elf
Finished building: default.size.stdout
 
15:27:44 **** Incremental Build of configuration Debug for project BootLoader ****
make -j4 all 
arm-none-eabi-size   BootLoader.elf 
   text	   data	    bss	    dec	    hex	filename
  19416	    132	   2636	  22184	   56a8	BootLoader.elf
Finished building: default.size.stdout
 
15:31:08 **** Incremental Build of configuration Debug for project BootLoader ****
make -j4 all 
arm-none-eabi-size   BootLoader.elf 
   text	   data	    bss	    dec	    hex	filename
  19416	    132	   2636	  22184	   56a8	BootLoader.elf
Finished building: default.size.stdout
 
15:32:02 **** Incremental Build of configuration Debug for project BootLoader ****
make -j4 all 
arm-none-eabi-size   BootLoader.elf 
   text	   data	    bss	    dec	    hex	filename
  19416	    132	   2636	  22184	   56a8	BootLoader.elf
Finished building: default.size.stdout
 
15:34:10 **** Incremental Build of configuration Debug for project BootLoader ****
make -j4 all 
arm-none-eabi-size   BootLoader.elf 
   text	   data	    bss	    dec	    hex	filename
  19416	    132	   2636	  22184	   56a8	BootLoader.elf
Finished building: default.size.stdout
 
15:34:14 **** Incremental Build of configuration Debug for project BootLoader ****
make -j4 all 
arm-none-eabi-size   BootLoader.elf 
   text	   data	    bss	    dec	    hex	filename
  19416	    132	   2636	  22184	   56a8	BootLoader.elf
Finished building: default.size.stdout
 
15:34:15 **** Incremental Build of configuration Debug for project BootLoader ****
make -j4 all 
arm-none-eabi-size   BootLoader.elf 
   text	   data	    bss	    dec	    hex	filename
  19416	    132	   2636	  22184	   56a8	BootLoader.elf
Finished building: default.size.stdout
 
15:36:27 **** Incremental Build of configuration Debug for project BootLoader ****
make -j4 all 
arm-none-eabi-size   BootLoader.elf 
   text	   data	    bss	    dec	    hex	filename
  19416	    132	   2636	  22184	   56a8	BootLoader.elf
Finished building: default.size.stdout
 
15:36:44 **** Incremental Build of configuration Debug for project BootLoader ****
make -j4 all 
arm-none-eabi-size   BootLoader.elf 
   text	   data	    bss	    dec	    hex	filename
  19416	    132	   2636	  22184	   56a8	BootLoader.elf
Finished building: default.size.stdout
 
15:41:22 **** Incremental Build of configuration Debug for project BootLoader ****
make -j4 all 
arm-none-eabi-size   BootLoader.elf 
   text	   data	    bss	    dec	    hex	filename
  19416	    132	   2636	  22184	   56a8	BootLoader.elf
Finished building: default.size.stdout
 
15:44:58 **** Incremental Build of configuration Debug for project BootLoader ****
make -j4 all 
arm-none-eabi-size   BootLoader.elf 
   text	   data	    bss	    dec	    hex	filename
  19416	    132	   2636	  22184	   56a8	BootLoader.elf
Finished building: default.size.stdout
 
15:46:04 **** Incremental Build of configuration Debug for project BootLoader ****
make -j4 all 
arm-none-eabi-size   BootLoader.elf 
   text	   data	    bss	    dec	    hex	filename
  19416	    132	   2636	  22184	   56a8	BootLoader.elf
Finished building: default.size.stdout
 
15:46:33 **** Incremental Build of configuration Debug for project BootLoader ****
make -j4 all 
arm-none-eabi-gcc "../Core/Src/Comunicacao.c" -mcpu=cortex-m0 -std=gnu11 -g3 -DDEBUG -DUSE_HAL_DRIVER -DSTM32F072xB -c -I../Core/Inc -I../Drivers/STM32F0xx_HAL_Driver/Inc -I../Drivers/STM32F0xx_HAL_Driver/Inc/Legacy -I../Drivers/CMSIS/Device/ST/STM32F0xx/Include -I../Drivers/CMSIS/Include -O0 -ffunction-sections -fdata-sections -Wall -fstack-usage -MMD -MP -MF"Core/Src/Comunicacao.d" -MT"Core/Src/Comunicacao.o" --specs=nano.specs -mfloat-abi=soft -mthumb -o "Core/Src/Comunicacao.o"
arm-none-eabi-gcc "../Core/Src/main.c" -mcpu=cortex-m0 -std=gnu11 -g3 -DDEBUG -DUSE_HAL_DRIVER -DSTM32F072xB -c -I../Core/Inc -I../Drivers/STM32F0xx_HAL_Driver/Inc -I../Drivers/STM32F0xx_HAL_Driver/Inc/Legacy -I../Drivers/CMSIS/Device/ST/STM32F0xx/Include -I../Drivers/CMSIS/Include -O0 -ffunction-sections -fdata-sections -Wall -fstack-usage -MMD -MP -MF"Core/Src/main.d" -MT"Core/Src/main.o" --specs=nano.specs -mfloat-abi=soft -mthumb -o "Core/Src/main.o"
../Core/Src/Comunicacao.c: In function 'ProcessarUART':
../Core/Src/Comunicacao.c:208:31: warning: passing argument 2 of 'HAL_UART_Transmit' makes pointer from integer without a cast [-Wint-conversion]
  208 |    HAL_UART_Transmit(&huart2, n, sizeof n, 1000);
      |                               ^
      |                               |
      |                               uint16_t {aka short unsigned int}
In file included from ../Core/Inc/stm32f0xx_hal_conf.h:289,
                 from ../Drivers/STM32F0xx_HAL_Driver/Inc/stm32f0xx_hal.h:30,
                 from ../Core/Inc/main.h:30,
                 from ../Core/Inc/Comunicacao.h:11,
                 from ../Core/Src/Comunicacao.c:9:
../Drivers/STM32F0xx_HAL_Driver/Inc/stm32f0xx_hal_uart.h:1528:73: note: expected 'uint8_t *' {aka 'unsigned char *'} but argument is of type 'uint16_t' {aka 'short unsigned int'}
 1528 | HAL_StatusTypeDef HAL_UART_Transmit(UART_HandleTypeDef *huart, uint8_t *pData, uint16_t Size, uint32_t Timeout);
      |                                                                ~~~~~~~~~^~~~~
../Core/Src/Comunicacao.c:294:6: warning: 'memcpy' accessing 2 bytes at offsets 1 and 2 overlaps 1 byte at offset 2 [-Wrestrict]
  294 |      memcpy(&stats_firm.buffer[1], &stats_firm.stats_firm.linhas_gravadas, 2);
      |      ^~~~~~~~~~~~~~~~~~~~~~~~~~~~~~~~~~~~~~~~~~~~~~~~~~~~~~~~~~~~~~~~~~~~~~~~
../Core/Src/main.c: In function 'main':
../Core/Src/main.c:154:9: warning: implicit declaration of function 'ReceberSerial' [-Wimplicit-function-declaration]
  154 |         ReceberSerial(byte);
      |         ^~~~~~~~~~~~~
../Core/Src/main.c:161:6: warning: implicit declaration of function 'ProcessarUART' [-Wimplicit-function-declaration]
  161 |      ProcessarUART();
      |      ^~~~~~~~~~~~~
arm-none-eabi-gcc -o "BootLoader.elf" @"objects.list"   -mcpu=cortex-m0 -T"C:\Users\pedro.pereira\STM32CubeIDE\workspace_1.10.1\BootLoader\STM32F072RBTX_FLASH.ld" --specs=nosys.specs -Wl,-Map="BootLoader.map" -Wl,--gc-sections -static --specs=nano.specs -mfloat-abi=soft -mthumb -Wl,--start-group -lc -lm -Wl,--end-group
Finished building target: BootLoader.elf
 
arm-none-eabi-size   BootLoader.elf 
arm-none-eabi-objdump -h -S  BootLoader.elf  > "BootLoader.list"
   text	   data	    bss	    dec	    hex	filename
  19416	    132	   2636	  22184	   56a8	BootLoader.elf
Finished building: default.size.stdout
 
Finished building: BootLoader.list
 
15:47:07 **** Incremental Build of configuration Debug for project BootLoader ****
make -j4 all 
arm-none-eabi-size   BootLoader.elf 
   text	   data	    bss	    dec	    hex	filename
  19416	    132	   2636	  22184	   56a8	BootLoader.elf
Finished building: default.size.stdout
 
15:59:13 **** Incremental Build of configuration Debug for project BootLoader ****
make -j4 all 
arm-none-eabi-gcc "../Core/Src/Comunicacao.c" -mcpu=cortex-m0 -std=gnu11 -g3 -DDEBUG -DUSE_HAL_DRIVER -DSTM32F072xB -c -I../Core/Inc -I../Drivers/STM32F0xx_HAL_Driver/Inc -I../Drivers/STM32F0xx_HAL_Driver/Inc/Legacy -I../Drivers/CMSIS/Device/ST/STM32F0xx/Include -I../Drivers/CMSIS/Include -O0 -ffunction-sections -fdata-sections -Wall -fstack-usage -MMD -MP -MF"Core/Src/Comunicacao.d" -MT"Core/Src/Comunicacao.o" --specs=nano.specs -mfloat-abi=soft -mthumb -o "Core/Src/Comunicacao.o"
../Core/Src/Comunicacao.c: In function 'ProcessarUART':
../Core/Src/Comunicacao.c:208:29: warning: passing argument 2 of 'HAL_UART_Transmit' makes pointer from integer without a cast [-Wint-conversion]
  208 |    HAL_UART_Transmit(huart, n, sizeof n, 1000);
      |                             ^
      |                             |
      |                             uint16_t {aka short unsigned int}
In file included from ../Core/Inc/stm32f0xx_hal_conf.h:289,
                 from ../Drivers/STM32F0xx_HAL_Driver/Inc/stm32f0xx_hal.h:30,
                 from ../Core/Inc/main.h:30,
                 from ../Core/Inc/Comunicacao.h:11,
                 from ../Core/Src/Comunicacao.c:9:
../Drivers/STM32F0xx_HAL_Driver/Inc/stm32f0xx_hal_uart.h:1528:73: note: expected 'uint8_t *' {aka 'unsigned char *'} but argument is of type 'uint16_t' {aka 'short unsigned int'}
 1528 | HAL_StatusTypeDef HAL_UART_Transmit(UART_HandleTypeDef *huart, uint8_t *pData, uint16_t Size, uint32_t Timeout);
      |                                                                ~~~~~~~~~^~~~~
../Core/Src/Comunicacao.c:294:6: warning: 'memcpy' accessing 2 bytes at offsets 1 and 2 overlaps 1 byte at offset 2 [-Wrestrict]
  294 |      memcpy(&stats_firm.buffer[1], &stats_firm.stats_firm.linhas_gravadas, 2);
      |      ^~~~~~~~~~~~~~~~~~~~~~~~~~~~~~~~~~~~~~~~~~~~~~~~~~~~~~~~~~~~~~~~~~~~~~~~
arm-none-eabi-gcc -o "BootLoader.elf" @"objects.list"   -mcpu=cortex-m0 -T"C:\Users\pedro.pereira\STM32CubeIDE\workspace_1.10.1\BootLoader\STM32F072RBTX_FLASH.ld" --specs=nosys.specs -Wl,-Map="BootLoader.map" -Wl,--gc-sections -static --specs=nano.specs -mfloat-abi=soft -mthumb -Wl,--start-group -lc -lm -Wl,--end-group
Finished building target: BootLoader.elf
 
arm-none-eabi-size   BootLoader.elf 
arm-none-eabi-objdump -h -S  BootLoader.elf  > "BootLoader.list"
   text	   data	    bss	    dec	    hex	filename
  19416	    132	   2636	  22184	   56a8	BootLoader.elf
Finished building: default.size.stdout
 
Finished building: BootLoader.list
 
16:11:04 **** Incremental Build of configuration Debug for project BootLoader ****
make -j4 all 
arm-none-eabi-size   BootLoader.elf 
   text	   data	    bss	    dec	    hex	filename
  19416	    132	   2636	  22184	   56a8	BootLoader.elf
Finished building: default.size.stdout
 
16:14:52 **** Incremental Build of configuration Debug for project BootLoader ****
make -j4 all 
arm-none-eabi-size   BootLoader.elf 
   text	   data	    bss	    dec	    hex	filename
  19416	    132	   2636	  22184	   56a8	BootLoader.elf
Finished building: default.size.stdout
 
16:21:06 **** Incremental Build of configuration Debug for project BootLoader ****
make -j4 all 
arm-none-eabi-gcc "../Core/Src/Comunicacao.c" -mcpu=cortex-m0 -std=gnu11 -g3 -DDEBUG -DUSE_HAL_DRIVER -DSTM32F072xB -c -I../Core/Inc -I../Drivers/STM32F0xx_HAL_Driver/Inc -I../Drivers/STM32F0xx_HAL_Driver/Inc/Legacy -I../Drivers/CMSIS/Device/ST/STM32F0xx/Include -I../Drivers/CMSIS/Include -O0 -ffunction-sections -fdata-sections -Wall -fstack-usage -MMD -MP -MF"Core/Src/Comunicacao.d" -MT"Core/Src/Comunicacao.o" --specs=nano.specs -mfloat-abi=soft -mthumb -o "Core/Src/Comunicacao.o"
../Core/Src/Comunicacao.c: In function 'ProcessarUART':
../Core/Src/Comunicacao.c:208:29: warning: passing argument 2 of 'HAL_UART_Transmit' makes pointer from integer without a cast [-Wint-conversion]
  208 |    HAL_UART_Transmit(huart, n, sizeof n, 1000);
      |                             ^
      |                             |
      |                             uint16_t {aka short unsigned int}
In file included from ../Core/Inc/stm32f0xx_hal_conf.h:289,
                 from ../Drivers/STM32F0xx_HAL_Driver/Inc/stm32f0xx_hal.h:30,
                 from ../Core/Inc/main.h:30,
                 from ../Core/Inc/Comunicacao.h:11,
                 from ../Core/Src/Comunicacao.c:9:
../Drivers/STM32F0xx_HAL_Driver/Inc/stm32f0xx_hal_uart.h:1528:73: note: expected 'uint8_t *' {aka 'unsigned char *'} but argument is of type 'uint16_t' {aka 'short unsigned int'}
 1528 | HAL_StatusTypeDef HAL_UART_Transmit(UART_HandleTypeDef *huart, uint8_t *pData, uint16_t Size, uint32_t Timeout);
      |                                                                ~~~~~~~~~^~~~~
../Core/Src/Comunicacao.c:294:6: warning: 'memcpy' accessing 2 bytes at offsets 1 and 2 overlaps 1 byte at offset 2 [-Wrestrict]
  294 |      memcpy(&stats_firm.buffer[1], &stats_firm.stats_firm.linhas_gravadas, 2);
      |      ^~~~~~~~~~~~~~~~~~~~~~~~~~~~~~~~~~~~~~~~~~~~~~~~~~~~~~~~~~~~~~~~~~~~~~~~
arm-none-eabi-gcc -o "BootLoader.elf" @"objects.list"   -mcpu=cortex-m0 -T"C:\Users\pedro.pereira\STM32CubeIDE\workspace_1.10.1\BootLoader\STM32F072RBTX_FLASH.ld" --specs=nosys.specs -Wl,-Map="BootLoader.map" -Wl,--gc-sections -static --specs=nano.specs -mfloat-abi=soft -mthumb -Wl,--start-group -lc -lm -Wl,--end-group
Finished building target: BootLoader.elf
 
arm-none-eabi-size   BootLoader.elf 
arm-none-eabi-objdump -h -S  BootLoader.elf  > "BootLoader.list"
   text	   data	    bss	    dec	    hex	filename
  19416	    132	   2636	  22184	   56a8	BootLoader.elf
Finished building: default.size.stdout
 
Finished building: BootLoader.list
 
16:21:12 **** Incremental Build of configuration Debug for project BootLoader ****
make -j4 all 
arm-none-eabi-size   BootLoader.elf 
   text	   data	    bss	    dec	    hex	filename
  19416	    132	   2636	  22184	   56a8	BootLoader.elf
Finished building: default.size.stdout
 
16:33:19 **** Incremental Build of configuration Debug for project BootLoader ****
make -j4 all 
arm-none-eabi-size   BootLoader.elf 
   text	   data	    bss	    dec	    hex	filename
  19416	    132	   2636	  22184	   56a8	BootLoader.elf
Finished building: default.size.stdout
 
16:33:26 **** Incremental Build of configuration Debug for project BootLoader ****
make -j4 all 
arm-none-eabi-size   BootLoader.elf 
   text	   data	    bss	    dec	    hex	filename
  19416	    132	   2636	  22184	   56a8	BootLoader.elf
Finished building: default.size.stdout
 
16:33:32 **** Incremental Build of configuration Debug for project BootLoader ****
make -j4 all 
arm-none-eabi-size   BootLoader.elf 
   text	   data	    bss	    dec	    hex	filename
  19416	    132	   2636	  22184	   56a8	BootLoader.elf
Finished building: default.size.stdout
 
17:41:03 **** Incremental Build of configuration Debug for project BootLoader ****
make -j4 all 
arm-none-eabi-size   BootLoader.elf 
   text	   data	    bss	    dec	    hex	filename
  19416	    132	   2636	  22184	   56a8	BootLoader.elf
Finished building: default.size.stdout
 
17:45:15 **** Incremental Build of configuration Debug for project BootLoader ****
make -j4 all 
arm-none-eabi-gcc "../Core/Src/Comunicacao.c" -mcpu=cortex-m0 -std=gnu11 -g3 -DDEBUG -DUSE_HAL_DRIVER -DSTM32F072xB -c -I../Core/Inc -I../Drivers/STM32F0xx_HAL_Driver/Inc -I../Drivers/STM32F0xx_HAL_Driver/Inc/Legacy -I../Drivers/CMSIS/Device/ST/STM32F0xx/Include -I../Drivers/CMSIS/Include -O0 -ffunction-sections -fdata-sections -Wall -fstack-usage -MMD -MP -MF"Core/Src/Comunicacao.d" -MT"Core/Src/Comunicacao.o" --specs=nano.specs -mfloat-abi=soft -mthumb -o "Core/Src/Comunicacao.o"
../Core/Src/Comunicacao.c: In function 'ProcessarUART':
../Core/Src/Comunicacao.c:208:29: warning: passing argument 2 of 'HAL_UART_Transmit' makes pointer from integer without a cast [-Wint-conversion]
  208 |    HAL_UART_Transmit(huart, n, sizeof n, 1000);
      |                             ^
      |                             |
      |                             uint16_t {aka short unsigned int}
In file included from ../Core/Inc/stm32f0xx_hal_conf.h:289,
                 from ../Drivers/STM32F0xx_HAL_Driver/Inc/stm32f0xx_hal.h:30,
                 from ../Core/Inc/main.h:30,
                 from ../Core/Inc/Comunicacao.h:11,
                 from ../Core/Src/Comunicacao.c:9:
../Drivers/STM32F0xx_HAL_Driver/Inc/stm32f0xx_hal_uart.h:1528:73: note: expected 'uint8_t *' {aka 'unsigned char *'} but argument is of type 'uint16_t' {aka 'short unsigned int'}
 1528 | HAL_StatusTypeDef HAL_UART_Transmit(UART_HandleTypeDef *huart, uint8_t *pData, uint16_t Size, uint32_t Timeout);
      |                                                                ~~~~~~~~~^~~~~
../Core/Src/Comunicacao.c:216:29: warning: passing argument 2 of 'HAL_UART_Transmit' makes pointer from integer without a cast [-Wint-conversion]
  216 |    HAL_UART_Transmit(huart, CMD_ACK, sizeof CMD_ACK, 1000);
      |                             ^~~~~~~
      |                             |
      |                             int
In file included from ../Core/Inc/stm32f0xx_hal_conf.h:289,
                 from ../Drivers/STM32F0xx_HAL_Driver/Inc/stm32f0xx_hal.h:30,
                 from ../Core/Inc/main.h:30,
                 from ../Core/Inc/Comunicacao.h:11,
                 from ../Core/Src/Comunicacao.c:9:
../Drivers/STM32F0xx_HAL_Driver/Inc/stm32f0xx_hal_uart.h:1528:73: note: expected 'uint8_t *' {aka 'unsigned char *'} but argument is of type 'int'
 1528 | HAL_StatusTypeDef HAL_UART_Transmit(UART_HandleTypeDef *huart, uint8_t *pData, uint16_t Size, uint32_t Timeout);
      |                                                                ~~~~~~~~~^~~~~
../Core/Src/Comunicacao.c:293:6: warning: 'memcpy' accessing 2 bytes at offsets 1 and 2 overlaps 1 byte at offset 2 [-Wrestrict]
  293 |      memcpy(&stats_firm.buffer[1], &stats_firm.stats_firm.linhas_gravadas, 2);
      |      ^~~~~~~~~~~~~~~~~~~~~~~~~~~~~~~~~~~~~~~~~~~~~~~~~~~~~~~~~~~~~~~~~~~~~~~~
arm-none-eabi-gcc -o "BootLoader.elf" @"objects.list"   -mcpu=cortex-m0 -T"C:\Users\pedro.pereira\STM32CubeIDE\workspace_1.10.1\BootLoader\STM32F072RBTX_FLASH.ld" --specs=nosys.specs -Wl,-Map="BootLoader.map" -Wl,--gc-sections -static --specs=nano.specs -mfloat-abi=soft -mthumb -Wl,--start-group -lc -lm -Wl,--end-group
Finished building target: BootLoader.elf
 
arm-none-eabi-size   BootLoader.elf 
arm-none-eabi-objdump -h -S  BootLoader.elf  > "BootLoader.list"
   text	   data	    bss	    dec	    hex	filename
  19432	    132	   2636	  22200	   56b8	BootLoader.elf
Finished building: default.size.stdout
 
Finished building: BootLoader.list
 
17:47:26 **** Incremental Build of configuration Debug for project BootLoader ****
make -j4 all 
arm-none-eabi-size   BootLoader.elf 
   text	   data	    bss	    dec	    hex	filename
  19432	    132	   2636	  22200	   56b8	BootLoader.elf
Finished building: default.size.stdout
 
08:32:19 **** Incremental Build of configuration Debug for project BootLoader ****
make -j4 all 
arm-none-eabi-size   BootLoader.elf 
   text	   data	    bss	    dec	    hex	filename
  19432	    132	   2636	  22200	   56b8	BootLoader.elf
Finished building: default.size.stdout
 
08:32:40 **** Incremental Build of configuration Debug for project BootLoader ****
make -j4 all 
arm-none-eabi-size   BootLoader.elf 
   text	   data	    bss	    dec	    hex	filename
  19432	    132	   2636	  22200	   56b8	BootLoader.elf
Finished building: default.size.stdout
 
12:22:04 **** Incremental Build of configuration Debug for project BootLoader ****
make -j4 all 
arm-none-eabi-size   BootLoader.elf 
   text	   data	    bss	    dec	    hex	filename
  19432	    132	   2636	  22200	   56b8	BootLoader.elf
Finished building: default.size.stdout
 
