17:05:32 **** Incremental Build of configuration Debug for project Project_20_Generate_Hex_File ****
make -j4 all 
arm-none-eabi-gcc "../Core/Src/main.c" -mcpu=cortex-m0 -std=gnu11 -g3 -DDEBUG -DUSE_HAL_DRIVER -DSTM32F072xB -c -I../Core/Inc -I../Drivers/STM32F0xx_HAL_Driver/Inc -I../Drivers/STM32F0xx_HAL_Driver/Inc/Legacy -I../Drivers/CMSIS/Device/ST/STM32F0xx/Include -I../Drivers/CMSIS/Include -O0 -ffunction-sections -fdata-sections -Wall -fstack-usage -MMD -MP -MF"Core/Src/main.d" -MT"Core/Src/main.o" --specs=nano.specs -mfloat-abi=soft -mthumb -o "Core/Src/main.o"
../Core/Src/main.c: In function 'main':
../Core/Src/main.c:69:20: warning: variable 'rx_status' set but not used [-Wunused-but-set-variable]
   69 |  HAL_StatusTypeDef rx_status;
      |                    ^~~~~~~~~
arm-none-eabi-gcc -o "Project_20_Generate_Hex_File.elf" @"objects.list"   -mcpu=cortex-m0 -T"C:\Users\pedro.pereira\STM32CubeIDE\workspace_1.10.1\Project_20_Generate_Hex_File\STM32F072RBTX_FLASH.ld" --specs=nosys.specs -Wl,-Map="Project_20_Generate_Hex_File.map" -Wl,--gc-sections -static --specs=nano.specs -mfloat-abi=soft -mthumb -Wl,--start-group -lc -lm -Wl,--end-group
Finished building target: Project_20_Generate_Hex_File.elf
 
arm-none-eabi-size   Project_20_Generate_Hex_File.elf 
arm-none-eabi-objdump -h -S  Project_20_Generate_Hex_File.elf  > "Project_20_Generate_Hex_File.list"
   text	   data	    bss	    dec	    hex	filename
   8304	     20	   1700	  10024	   2728	Project_20_Generate_Hex_File.elf
Finished building: default.size.stdout
 
Finished building: Project_20_Generate_Hex_File.list
 
arm-none-eabi-objcopy -O ihex Project_20_Generate_Hex_File.elf Project_20_Generate_Hex_File.hex
 

17:05:34 Build Finished. 0 errors, 1 warnings. (took 1s.828ms)

