10:41:03 **** Incremental Build of configuration Debug for project Project_13_Protocol_Serial_Decodification ****
make -j4 all 
arm-none-eabi-gcc "../Core/Src/main.c" -mcpu=cortex-m0 -std=gnu11 -g3 -DDEBUG -DUSE_HAL_DRIVER -DSTM32F072xB -c -I../Core/Inc -I../Drivers/STM32F0xx_HAL_Driver/Inc -I../Drivers/STM32F0xx_HAL_Driver/Inc/Legacy -I../Drivers/CMSIS/Device/ST/STM32F0xx/Include -I../Drivers/CMSIS/Include -O0 -ffunction-sections -fdata-sections -Wall -fstack-usage -MMD -MP -MF"Core/Src/main.d" -MT"Core/Src/main.o" --specs=nano.specs -mfloat-abi=soft -mthumb -o "Core/Src/main.o"
../Core/Src/main.c: In function 'main':
../Core/Src/main.c:382:12: warning: unused variable 'recebe' [-Wunused-variable]
  382 |    uint8_t recebe = 0;
      |            ^~~~~~
../Core/Src/main.c:376:22: warning: unused variable 'rx_status' [-Wunused-variable]
  376 |    HAL_StatusTypeDef rx_status;
      |                      ^~~~~~~~~
arm-none-eabi-gcc -o "Project_13_Protocol_Serial_Decodification.elf" @"objects.list"   -mcpu=cortex-m0 -T"C:\Users\pedro.pereira\STM32CubeIDE\workspace_1.10.1\Project_13_Protocol_Serial_Decodification\STM32F072RBTX_FLASH.ld" --specs=nosys.specs -Wl,-Map="Project_13_Protocol_Serial_Decodification.map" -Wl,--gc-sections -static --specs=nano.specs -mfloat-abi=soft -mthumb -Wl,--start-group -lc -lm -Wl,--end-group
Finished building target: Project_13_Protocol_Serial_Decodification.elf
 
arm-none-eabi-size   Project_13_Protocol_Serial_Decodification.elf 
arm-none-eabi-objdump -h -S  Project_13_Protocol_Serial_Decodification.elf  > "Project_13_Protocol_Serial_Decodification.list"
   text	   data	    bss	    dec	    hex	filename
  14580	    120	   1760	  16460	   404c	Project_13_Protocol_Serial_Decodification.elf
Finished building: default.size.stdout
 
Finished building: Project_13_Protocol_Serial_Decodification.list
 

10:41:04 Build Finished. 0 errors, 2 warnings. (took 1s.191ms)

